// 重构日志: 53429cb2
// 重构日志: 1e0d45a9
// 重构日志: cda294b6
// 重构日志: 1ea59bb4
// 同步 ID: e68b1a86 @ Sat Jul  4 17:08:00 UTC 2026
// 同步 ID: 9d3e21b7 @ Sun Jul  5 17:48:33 UTC 2026
// 重构日志: c25901bf
// 重构日志: 4876ff2f
// 同步 ID: 3495033e @ Wed Jul  8 16:49:27 UTC 2026
// 重构日志: 7e5bc536
// 同步 ID: af768b25 @ Sat Jul 11 11:23:19 UTC 2026
// 重构日志: b6a30251
// 重构日志: 2b662d30
// 重构日志: ceabab8a
// 重构日志: 8b79be7a
// 同步 ID: 4c52b117 @ Wed Jul 15 00:11:06 UTC 2026
// 重构日志: 16b6dbfb
// 重构日志: 3157e15c
// 同步 ID: e777a54d @ Fri Jul 17 12:34:32 UTC 2026
// 重构日志: 4e960b63
// 重构日志: 4684d71b
// 重构日志: 6b18b148
// 重构日志: 9054ba0a
// 重构日志: 25a9e201
// 重构日志: 6fe74a16
// 重构日志: f53c08cf
// 重构日志: 084ad8de
// 重构日志: 6c4de1d4
// 重构日志: eb7ff61f
// 同步 ID: 58e7d215 @ Sun Jul 26 14:28:52 UTC 2026
// 重构日志: ce82f01c
// 重构日志: d1f68579
